// Jest Snapshot v1, https://goo.gl/fbAQLP

exports[`TagTemplate renders correctly 1`] = `
<div
  className="layout"
>
  <StaticQuery
    render={[Function]}
  />
  <div
    className="page"
  >
    <div
      className="page__inner"
    >
      <h1
        className="page__title"
      >
        test
      </h1>
      <div
        className="page__body"
      >
        <div
          className="feed"
        >
          <div
            className="feed__item"
          >
            <div
              className="feed__item-meta"
            >
              <time
                className="feed__item-meta-time"
                dateTime="September 2, 2016"
              >
                September 2016
              </time>
              <span
                className="feed__item-meta-divider"
              />
              <span
                className="feed__item-meta-category"
              >
                <Link
                  className="feed__item-meta-category-link"
                  to="/test"
                >
                  test
                </Link>
              </span>
            </div>
            <h2
              className="feed__item-title"
            >
              <Link
                className="feed__item-title-link"
                to="/test_0"
              >
                test_0
              </Link>
            </h2>
            <p
              className="feed__item-description"
            >
              test_0
            </p>
            <Link
              className="feed__item-readmore"
              to="/test_0"
            >
              Read
            </Link>
          </div>
          <div
            className="feed__item"
          >
            <div
              className="feed__item-meta"
            >
              <time
                className="feed__item-meta-time"
                dateTime="September 2, 2016"
              >
                September 2016
              </time>
              <span
                className="feed__item-meta-divider"
              />
              <span
                className="feed__item-meta-category"
              >
                <Link
                  className="feed__item-meta-category-link"
                  to="/test"
                >
                  test
                </Link>
              </span>
            </div>
            <h2
              className="feed__item-title"
            >
              <Link
                className="feed__item-title-link"
                to="/test_1"
              >
                test_1
              </Link>
            </h2>
            <p
              className="feed__item-description"
            >
              test_1
            </p>
            <Link
              className="feed__item-readmore"
              to="/test_1"
            >
              Read
            </Link>
          </div>
        </div>
      </div>
    </div>
  </div>
</div>
`;
